[INFO] Scanning for projects...
[WARNING] 
[WARNING] Some problems were encountered while building the effective model for com.nutanix.nutanix-core.ntnx-api.golang-mock-pc:golang-mock-java-dto-definitions:jar:17.0.0-SNAPSHOT
[WARNING] 'build.plugins.plugin.version' for org.apache.maven.plugins:maven-source-plugin is missing. @ line 117, column 15
[WARNING] 
[WARNING] Some problems were encountered while building the effective model for com.nutanix.nutanix-core.ntnx-api.golang-mock-pc:golang-mock-grpc-client:jar:17.0.0-SNAPSHOT
[WARNING] The expression ${groupId} is deprecated. Please use ${project.groupId} instead.
[WARNING] 
[WARNING] It is highly recommended to fix these problems because they threaten the stability of your build.
[WARNING] 
[WARNING] For this reason, future Maven versions might no longer support building such malformed projects.
[WARNING] 
[INFO] ------------------------------------------------------------------------
[INFO] Detecting the operating system and CPU architecture
[INFO] ------------------------------------------------------------------------
[INFO] os.detected.name: osx
[INFO] os.detected.arch: aarch_64
[INFO] os.detected.version: 15.6
[INFO] os.detected.version.major: 15
[INFO] os.detected.version.minor: 6
[INFO] os.detected.classifier: osx-aarch_64
[INFO] ------------------------------------------------------------------------
[INFO] Reactor Build Order:
[INFO] 
[INFO] Golang Mock API Service - API Definitions                          [pom]
[INFO] Golang Mock API Definitions                                        [jar]
[INFO] Mock API Client and Server SDKs                                    [pom]
[INFO] Golang Mock Java Model classes                                     [jar]
[INFO] Golang Mock API Spring MVC Interfaces                              [jar]
[INFO] Golang Mock Go DTO Definitions                                     [jar]
[INFO] Golang Mock Protocol Buffer Messages                               [jar]
[INFO] Golang Mock proto to Java classes                                  [jar]
[INFO] Golang Mock Protocol Buffer Services                               [jar]
[INFO] Golang Mock Protocol Buffer Mappers                                [jar]
[INFO] Golang Mock gRPC Client                                            [jar]
[INFO] 
[INFO] --< com.nutanix.nutanix-core.ntnx-api.golang-mock-pc:golang-mock-pc >---
[INFO] Building Golang Mock API Service - API Definitions 17.0.0-SNAPSHOT [1/11]
[INFO]   from pom.xml
[INFO] --------------------------------[ pom ]---------------------------------
[INFO] 
[INFO] --- clean:3.2.0:clean (default-clean) @ golang-mock-pc ---
[INFO] 
[INFO] --- jacoco:0.8.11:prepare-agent (default) @ golang-mock-pc ---
[INFO] argLine set to -javaagent:/Users/nitin.mangotra/.m2/repository/org/jacoco/org.jacoco.agent/0.8.11/org.jacoco.agent-0.8.11-runtime.jar=destfile=/Users/nitin.mangotra/ntnx-api-golang-mock-pc/target/jacoco.exec
[INFO] 
[INFO] --- jacoco:0.8.11:report (report) @ golang-mock-pc ---
[INFO] Skipping JaCoCo execution due to missing execution data file.
[INFO] 
[INFO] --- install:3.1.2:install (default-install) @ golang-mock-pc ---
[INFO] Installing /Users/nitin.mangotra/ntnx-api-golang-mock-pc/pom.xml to /Users/nitin.mangotra/.m2/repository/com/nutanix/nutanix-core/ntnx-api/golang-mock-pc/golang-mock-pc/17.0.0-SNAPSHOT/golang-mock-pc-17.0.0-SNAPSHOT.pom
[INFO] 
[INFO] --< com.nutanix.nutanix-core.ntnx-api.golang-mock-pc:golang-mock-api-definitions >--
[INFO] Building Golang Mock API Definitions 17.0.0-SNAPSHOT              [2/11]
[INFO]   from golang-mock-api-definitions/pom.xml
[INFO] --------------------------------[ jar ]---------------------------------
[WARNING] Parameter 'prevApiVersion' is unknown for plugin 'dev-platform-maven-plugins:17.6.0.9581-RELEASE:generate (default)'
[WARNING] Parameter 'prevApiVersion' is unknown for plugin 'dev-platform-maven-plugins:17.6.0.9581-RELEASE:verify-yaml (default)'
[INFO] 
[INFO] --- clean:3.2.0:clean (default-clean) @ golang-mock-api-definitions ---
[INFO] Deleting /Users/nitin.mangotra/ntnx-api-golang-mock-pc/golang-mock-api-definitions/target
[INFO] 
[INFO] --- jacoco:0.8.11:prepare-agent (default) @ golang-mock-api-definitions ---
[INFO] argLine set to -javaagent:/Users/nitin.mangotra/.m2/repository/org/jacoco/org.jacoco.agent/0.8.11/org.jacoco.agent-0.8.11-runtime.jar=destfile=/Users/nitin.mangotra/ntnx-api-golang-mock-pc/golang-mock-api-definitions/target/jacoco.exec
[INFO] 
[INFO] --- dev-platforms:17.6.0.9581-RELEASE:generate (default) @ golang-mock-api-definitions ---
[WARNING] 1 problem was encountered while building the effective model for org.javassist:javassist:jar:3.21.0-GA during dependency collection step for plugin (use -X to see details)
[WARNING] No repositories.yaml file found at /Users/nitin.mangotra/ntnx-api-golang-mock-pc/golang-mock-api-definitions/defs/metadata/repositories.yaml
[INFO] ------------------------------------------------------------------------
[INFO] Reactor Summary for Golang Mock API Service - API Definitions 17.0.0-SNAPSHOT:
[INFO] 
[INFO] Golang Mock API Service - API Definitions .......... SUCCESS [  0.108 s]
[INFO] Golang Mock API Definitions ........................ FAILURE [  0.590 s]
[INFO] Mock API Client and Server SDKs .................... SKIPPED
[INFO] Golang Mock Java Model classes ..................... SKIPPED
[INFO] Golang Mock API Spring MVC Interfaces .............. SKIPPED
[INFO] Golang Mock Go DTO Definitions ..................... SKIPPED
[INFO] Golang Mock Protocol Buffer Messages ............... SKIPPED
[INFO] Golang Mock proto to Java classes .................. SKIPPED
[INFO] Golang Mock Protocol Buffer Services ............... SKIPPED
[INFO] Golang Mock Protocol Buffer Mappers ................ SKIPPED
[INFO] Golang Mock gRPC Client ............................ SKIPPED
[INFO] ------------------------------------------------------------------------
[INFO] BUILD FAILURE
[INFO] ------------------------------------------------------------------------
[INFO] Total time:  0.877 s
[INFO] Finished at: 2025-11-21T12:45:03+05:30
[INFO] ------------------------------------------------------------------------
[ERROR] Failed to execute goal com.nutanix.nutanix-core.ntnx-api.dev-platform:dev-platform-maven-plugins:17.6.0.9581-RELEASE:generate (default) on project golang-mock-api-definitions: Execution default of goal com.nutanix.nutanix-core.ntnx-api.dev-platform:dev-platform-maven-plugins:17.6.0.9581-RELEASE:generate failed: Unable to make field private final java.lang.String java.lang.Enum.name accessible: module java.base does not "opens java.lang" to unnamed module @539316bb -> [Help 1]
[ERROR] 
[ERROR] To see the full stack trace of the errors, re-run Maven with the -e switch.
[ERROR] Re-run Maven using the -X switch to enable full debug logging.
[ERROR] 
[ERROR] For more information about the errors and possible solutions, please read the following articles:
[ERROR] [Help 1] http://cwiki.apache.org/confluence/display/MAVEN/PluginExecutionException
[ERROR] 
[ERROR] After correcting the problems, you can resume the build with the command
[ERROR]   mvn <args> -rf :golang-mock-api-definitions
